// Jest Snapshot v1, https://goo.gl/fbAQLP

exports[`App: Snapshot Testing renders correctly 1`] = `
<div
  className="css-kzq97d"
>
  <div
    className="css-1m5sbi6"
  >
    <div
      onPointerDown={[Function]}
      onPointerLeave={[Function]}
      onPointerMove={[Function]}
      onPointerUp={[Function]}
      style={
        {
          "cursor": "pointer",
          "display": "flex",
          "flexFlow": "row nowrap",
          "userSelect": "none",
          "width": 48,
        }
      }
    >
      <div
        style={
          {
            "boxSizing": "border-box",
            "flex": "none",
            "paddingTop": 0,
            "width": "100%",
          }
        }
      >
        <div
          style={
            {
              "background": "#775653",
              "borderRadius": 16,
              "height": 26,
              "transition": "all 100ms",
              "width": 48,
            }
          }
        />
      </div>
      <div
        style={
          {
            "boxSizing": "border-box",
            "flex": "none",
            "marginLeft": "-100%",
            "width": "100%",
          }
        }
      >
        <div
          style={
            {
              "paddingLeft": 5,
              "paddingTop": 4,
              "transition": "all 100ms",
            }
          }
        >
          <div
            style={
              {
                "backgroundColor": "#ffffff",
                "borderRadius": 16,
                "height": 18,
                "size": 18,
                "transition": "all 100ms",
                "width": 18,
              }
            }
          />
        </div>
      </div>
    </div>
    <nav
      className="css-1cyn0a8"
    >
      <a
        className="css-arku82"
        onClick={[Function]}
      >
        Introduction
      </a>
      <a
        className="css-w0in7m"
        onClick={[Function]}
      >
        Professional
      </a>
      <a
        className="css-w0in7m"
        onClick={[Function]}
      >
        Open Source Portfolio
      </a>
    </nav>
  </div>
  <div
    className="css-1lxjc1s"
  >
    <div
      className="css-7xsp98"
    >
      <div
        className="css-kp9dvk"
      >
        <span
          className="css-1jbfuhw"
        >
          Name:
        </span>
         
        <span
          className="css-3vqpkh"
        >
          Konstantinos Lampridis
        </span>
      </div>
      <div
        className="css-kp9dvk"
      >
        <span
          className="css-1jbfuhw"
        >
          Email:
        </span>
         
        <span
          className="css-3vqpkh"
        >
          k.lampridis@hotmail.com
        </span>
      </div>
      <div
        className="css-kp9dvk"
      >
        <span
          className="css-1jbfuhw"
        >
          Github:
        </span>
         
        <span
          className="css-3vqpkh"
        >
          <a
            className="css-1gyz2k7"
            href="https://github.com/boromir674"
            rel="noopener noreferrer"
            target="_blank"
          >
            github.com/boromir674
             
            <svg
              fill="none"
              height="10px"
              stroke="#534341"
              strokeWidth="5.108"
              viewBox="-2.56 -2.56 69.12 69.12"
              width="10px"
            >
              <g
                id="SVGRepo_iconCarrier"
              >
                <path
                  d="M55.4,32V53.58a1.81,1.81,0,0,1-1.82,1.82H10.42A1.81,1.81,0,0,1,8.6,53.58V10.42A1.81,1.81,0,0,1,10.42,8.6H32"
                />
                <polyline
                  points="40.32 8.6 55.4 8.6 55.4 24.18"
                />
                <line
                  x1="19.32"
                  x2="54.61"
                  y1="45.72"
                  y2="8.91"
                />
              </g>
            </svg>
          </a>
        </span>
      </div>
      <div
        className="css-kp9dvk"
      >
        <span
          className="css-1jbfuhw"
        >
          Gitlab:
        </span>
         
        <span
          className="css-3vqpkh"
        >
          <a
            className="css-1gyz2k7"
            href="https://gitlab.com/boromir674"
            rel="noopener noreferrer"
            target="_blank"
          >
            gitlab.com/boromir674
             
            <svg
              fill="none"
              height="10px"
              stroke="#534341"
              strokeWidth="5.108"
              viewBox="-2.56 -2.56 69.12 69.12"
              width="10px"
            >
              <g
                id="SVGRepo_iconCarrier"
              >
                <path
                  d="M55.4,32V53.58a1.81,1.81,0,0,1-1.82,1.82H10.42A1.81,1.81,0,0,1,8.6,53.58V10.42A1.81,1.81,0,0,1,10.42,8.6H32"
                />
                <polyline
                  points="40.32 8.6 55.4 8.6 55.4 24.18"
                />
                <line
                  x1="19.32"
                  x2="54.61"
                  y1="45.72"
                  y2="8.91"
                />
              </g>
            </svg>
          </a>
        </span>
      </div>
      <div
        className="css-kp9dvk"
      >
        <span
          className="css-1jbfuhw"
        >
          LinkedIn:
        </span>
         
        <span
          className="css-3vqpkh"
        >
          <a
            className="css-1gyz2k7"
            href="https://linkedin.com/in/konstantinos-lampridis/"
            rel="noopener noreferrer"
            target="_blank"
          >
            linkedin.com/in/konstantinos-lampridis/
             
            <svg
              fill="none"
              height="10px"
              stroke="#534341"
              strokeWidth="5.108"
              viewBox="-2.56 -2.56 69.12 69.12"
              width="10px"
            >
              <g
                id="SVGRepo_iconCarrier"
              >
                <path
                  d="M55.4,32V53.58a1.81,1.81,0,0,1-1.82,1.82H10.42A1.81,1.81,0,0,1,8.6,53.58V10.42A1.81,1.81,0,0,1,10.42,8.6H32"
                />
                <polyline
                  points="40.32 8.6 55.4 8.6 55.4 24.18"
                />
                <line
                  x1="19.32"
                  x2="54.61"
                  y1="45.72"
                  y2="8.91"
                />
              </g>
            </svg>
          </a>
        </span>
      </div>
      <div
        className="css-kp9dvk"
      >
         
        <span
          className="css-1jbfuhw"
        >
          Curricular Docs:
        </span>
         
        <div
          className="css-5l6624"
        >
          <div
            className="css-1rstcrp"
          >
            <a
              className="css-1gyz2k7"
              href="https://konstantinos-lampridis-cv-documents.s3.eu-central-1.amazonaws.com/main_resume.pdf"
              rel="noopener noreferrer"
              target="_blank"
            >
              '1 Page Resume' 
              <svg
                fill="none"
                height="10px"
                stroke="#534341"
                strokeWidth="5.108"
                viewBox="-2.56 -2.56 69.12 69.12"
                width="10px"
              >
                <g
                  id="SVGRepo_iconCarrier"
                >
                  <path
                    d="M55.4,32V53.58a1.81,1.81,0,0,1-1.82,1.82H10.42A1.81,1.81,0,0,1,8.6,53.58V10.42A1.81,1.81,0,0,1,10.42,8.6H32"
                  />
                  <polyline
                    points="40.32 8.6 55.4 8.6 55.4 24.18"
                  />
                  <line
                    x1="19.32"
                    x2="54.61"
                    y1="45.72"
                    y2="8.91"
                  />
                </g>
              </svg>
            </a>
          </div>
          <div
            className="css-1rstcrp"
          >
            <a
              className="css-1gyz2k7"
              href="https://konstantinos-lampridis-cv-documents.s3.eu-central-1.amazonaws.com/main_cv%2Bprojects.pdf"
              rel="noopener noreferrer"
              target="_blank"
            >
              'CV + Projects' 
              <svg
                fill="none"
                height="10px"
                stroke="#534341"
                strokeWidth="5.108"
                viewBox="-2.56 -2.56 69.12 69.12"
                width="10px"
              >
                <g
                  id="SVGRepo_iconCarrier"
                >
                  <path
                    d="M55.4,32V53.58a1.81,1.81,0,0,1-1.82,1.82H10.42A1.81,1.81,0,0,1,8.6,53.58V10.42A1.81,1.81,0,0,1,10.42,8.6H32"
                  />
                  <polyline
                    points="40.32 8.6 55.4 8.6 55.4 24.18"
                  />
                  <line
                    x1="19.32"
                    x2="54.61"
                    y1="45.72"
                    y2="8.91"
                  />
                </g>
              </svg>
            </a>
          </div>
        </div>
      </div>
    </div>
    <div
      className="css-n1i9i7"
    >
      <div
        className="css-eqcqji"
      >
        <h3
          className="css-dbagas"
        >
          MSc in Artificial Intelligence
        </h3>
        <h4
          className="css-p7xzix"
        >
          University of Amsterdam
        </h4>
        <span
          css={
            {
              "map": undefined,
              "name": "ak0z00",
              "next": undefined,
              "styles": "
        display: flex;
        flex-wrap: wrap;
      ",
              "toString": [Function],
            }
          }
        >
          <a>
            <p
              className="css-uzd3yx"
            >
              Amsterdam, Netherlands
            </p>
            <span
              className="css-1l6q7jx"
            >
              2014 - 2019
            </span>
          </a>
        </span>
        <p
          className="css-dbagas"
        >
          Thesis: 
          Political Spectrum Aware Topic Model
        </p>
        <div
          className="css-bvngjg"
        >
          <span
            className="css-ccouac"
          >
            Machine Learning
          </span>
          <span
            className="css-ccouac"
          >
            Computer Vision
          </span>
          <span
            className="css-ccouac"
          >
            Natural Language Processing
          </span>
          <span
            className="css-ccouac"
          >
            Autonomous Agents
          </span>
          <span
            className="css-ccouac"
          >
            Reinforcement Learning
          </span>
        </div>
      </div>
      <div
        className="css-eqcqji"
      >
        <h3
          className="css-dbagas"
        >
          BSc in Applied Informatics
        </h3>
        <h4
          className="css-p7xzix"
        >
          University of Macedonia
        </h4>
        <span
          css={
            {
              "map": undefined,
              "name": "ak0z00",
              "next": undefined,
              "styles": "
        display: flex;
        flex-wrap: wrap;
      ",
              "toString": [Function],
            }
          }
        >
          <a>
            <p
              className="css-uzd3yx"
            >
              Thessaloniki, Greece
            </p>
            <span
              className="css-1l6q7jx"
            >
              2008 - 2013
            </span>
          </a>
        </span>
        <p
          className="css-dbagas"
        >
          Thesis: 
          Exterior Point Simplex Algorithm Analysis
        </p>
        <div
          className="css-bvngjg"
        >
          <span
            className="css-ccouac"
          >
            Computer Programming
          </span>
          <span
            className="css-ccouac"
          >
            Computer Science
          </span>
          <span
            className="css-ccouac"
          >
            Data Structures
          </span>
          <span
            className="css-ccouac"
          >
            Algorithm Analysis
          </span>
          <span
            className="css-ccouac"
          >
            Software Engineering
          </span>
          <span
            className="css-ccouac"
          >
            Operating Systems
          </span>
          <span
            className="css-ccouac"
          >
            Computer Architecture
          </span>
          <span
            className="css-ccouac"
          >
            Discete Mathematics
          </span>
          <span
            className="css-ccouac"
          >
            Statistics
          </span>
          <span
            className="css-ccouac"
          >
            Micro/Macro Economics
          </span>
        </div>
      </div>
    </div>
  </div>
  <div
    className="css-lpnzm1"
    id="vertical-main-pane"
  >
    <div
      className="css-y93gho"
      id="introduction-section"
    >
      <p>
        Welcome to the online space of 
        <strong>
          Konstantinos Lampridis
        </strong>
         
        :-)
      </p>
      Here you will find mostly information about my Open Source Portfolio, professional experience, skills and education.
    </div>
    <div
      className="css-mnc2za"
      id="professional-section"
    >
      <h1
        className="css-149z3qr"
      >
        Professional Career
      </h1>
      <div
        className="css-ea9ttx"
        onClick={[Function]}
      >
        <div
          css={
            {
              "map": undefined,
              "name": "1fs1evy",
              "next": undefined,
              "styles": "
          display: flex;
          flex-direction: column;
          gap: 4px;
          margin-bottom: 16px;
        ",
              "toString": [Function],
            }
          }
        >
          <h3
            css={
              {
                "map": undefined,
                "name": "138jslu",
                "next": undefined,
                "styles": "
            margin: 0;
            font-size: 24px;
            font-weight: bold;
          ",
                "toString": [Function],
              }
            }
          >
            Tech Lead - Contractor
          </h3>
          <p
            css={
              {
                "map": undefined,
                "name": "q3etlh",
                "next": undefined,
                "styles": "
            margin: 0;
            font-size: 14px;
          ",
                "toString": [Function],
              }
            }
          >
            Fyliro - Thessaloniki, Greece
          </p>
          <p
            css={
              {
                "map": undefined,
                "name": "q3etlh",
                "next": undefined,
                "styles": "
            margin: 0;
            font-size: 14px;
          ",
                "toString": [Function],
              }
            }
          >
            Eco Development S.A.
          </p>
          <p
            css={
              {
                "map": undefined,
                "name": "q3etlh",
                "next": undefined,
                "styles": "
            margin: 0;
            font-size: 14px;
          ",
                "toString": [Function],
              }
            }
          >
            May 2023 - Present
          </p>
          <p
            css={
              {
                "map": undefined,
                "name": "zj6f4f",
                "next": undefined,
                "styles": "
            margin: 8px 0;
            font-size: 14px;
          ",
                "toString": [Function],
              }
            }
          >
            Supervisor of the 'Data Analytics' team, responsible for the development of the company's Machine Learning Models and Data Pipelines Infrastructure.

          </p>
          <p
            style={
              {
                "marginBottom": 12,
              }
            }
          >
            Activities
          </p>
          <ul
            css={
              {
                "map": undefined,
                "name": "7v1qxm",
                "next": undefined,
                "styles": "
            padding-left: 40px; /* Restore default padding for lists */
            margin-left: 0; /* Remove any left margin */
            list-style-position: outside; /* Ensure bullets are outside the content */
            margin: 0px 0;
            font-size: 14px;
          ",
                "toString": [Function],
              }
            }
          >
            <li
              style={
                {
                  "padding": "4px 0",
                }
              }
            >
              <div
                className="css-p4d3hp"
              >
                Engineering Data Pipelines to facilitate ETL wokflows
              </div>
            </li>
            <li
              style={
                {
                  "padding": "4px 0",
                }
              }
            >
              <div
                className="css-p4d3hp"
              >
                Auditing Eco Development's ML predictive models for mosquito abundance and disease risk
              </div>
            </li>
            <li
              style={
                {
                  "padding": "4px 0",
                }
              }
            >
              <div
                className="css-p4d3hp"
              >
                Redesigning the company's ML models to improve performance and scalability
              </div>
            </li>
          </ul>
          <div
            className="css-tiry6g"
          >
            <span
              className="css-1ywvkip"
            >
              Python
            </span>
            <span
              className="css-1ywvkip"
            >
              Machine Learning
            </span>
            <span
              className="css-1ywvkip"
            >
              Random Forest
            </span>
            <span
              className="css-1ywvkip"
            >
              Gradient Boosting Methods
            </span>
            <span
              className="css-1ywvkip"
            >
              Variational Autoencoders
            </span>
            <span
              className="css-1ywvkip"
            >
              Pandas
            </span>
            <span
              className="css-1ywvkip"
            >
              SQL
            </span>
            <span
              className="css-1ywvkip"
            >
              Pytest
            </span>
            <span
              className="css-1ywvkip"
            >
              GCP
            </span>
            <span
              className="css-1ywvkip"
            >
              BigQuery
            </span>
            <span
              className="css-1ywvkip"
            >
              Scrum/Agile
            </span>
          </div>
        </div>
      </div>
      <div
        className="css-ea9ttx"
        onClick={[Function]}
      >
        <div
          css={
            {
              "map": undefined,
              "name": "1fs1evy",
              "next": undefined,
              "styles": "
          display: flex;
          flex-direction: column;
          gap: 4px;
          margin-bottom: 16px;
        ",
              "toString": [Function],
            }
          }
        >
          <h3
            css={
              {
                "map": undefined,
                "name": "138jslu",
                "next": undefined,
                "styles": "
            margin: 0;
            font-size: 24px;
            font-weight: bold;
          ",
                "toString": [Function],
              }
            }
          >
            DevOps Engineer - Contractor
          </h3>
          <p
            css={
              {
                "map": undefined,
                "name": "q3etlh",
                "next": undefined,
                "styles": "
            margin: 0;
            font-size: 14px;
          ",
                "toString": [Function],
              }
            }
          >
            Massy, France - Remote
          </p>
          <p
            css={
              {
                "map": undefined,
                "name": "q3etlh",
                "next": undefined,
                "styles": "
            margin: 0;
            font-size: 14px;
          ",
                "toString": [Function],
              }
            }
          >
            Infovista SAS
          </p>
          <p
            css={
              {
                "map": undefined,
                "name": "q3etlh",
                "next": undefined,
                "styles": "
            margin: 0;
            font-size: 14px;
          ",
                "toString": [Function],
              }
            }
          >
            Sep 2022 - May 2023
          </p>
          <p
            css={
              {
                "map": undefined,
                "name": "zj6f4f",
                "next": undefined,
                "styles": "
            margin: 8px 0;
            font-size: 14px;
          ",
                "toString": [Function],
              }
            }
          >
            Member of the DevOps Enablement team, tasked with Platform Engineering, creating Automations, and CI/CD Pipelines.
          </p>
          <p
            style={
              {
                "marginBottom": 12,
              }
            }
          >
            Activities
          </p>
          <ul
            css={
              {
                "map": undefined,
                "name": "7v1qxm",
                "next": undefined,
                "styles": "
            padding-left: 40px; /* Restore default padding for lists */
            margin-left: 0; /* Remove any left margin */
            list-style-position: outside; /* Ensure bullets are outside the content */
            margin: 0px 0;
            font-size: 14px;
          ",
                "toString": [Function],
              }
            }
          >
            <li
              style={
                {
                  "padding": "4px 0",
                }
              }
            >
              <div
                className="css-p4d3hp"
              >
                Facilitated automated DevOps Compliance and Bill of Material (BoM) on-demand computing, by developing a new CLI tool
              </div>
            </li>
            <li
              style={
                {
                  "padding": "4px 0",
                }
              }
            >
              <div
                className="css-p4d3hp"
              >
                Enabled company managers to manage, track and mitigate whole portfolio's CVEs, by developing the API Backend of UI-driven app for handling managers' use cases
              </div>
            </li>
            <li
              style={
                {
                  "padding": "4px 0",
                }
              }
            >
              <div
                className="css-p4d3hp"
              >
                Enabled tracking of Automated Deployments and their Lifecycle, by implementing a custom Logging and Monitoring solution
              </div>
            </li>
            <li
              style={
                {
                  "padding": "4px 0",
                }
              }
            >
              <div
                className="css-p4d3hp"
              >
                Maintained the stability and reliability of the shared GitOps pipelines, which were critical to the CI/CD process for all portfolio's software at Infovista
              </div>
            </li>
            <li
              style={
                {
                  "padding": "4px 0",
                }
              }
            >
              <div
                className="css-p4d3hp"
              >
                Contributed to the library of shared Job Templates, which served as essential building blocks for teams to construct flexible CI/CD pipelines
              </div>
            </li>
          </ul>
          <div
            className="css-tiry6g"
          >
            <span
              className="css-1ywvkip"
            >
              Docker
            </span>
            <span
              className="css-1ywvkip"
            >
              Python
            </span>
            <span
              className="css-1ywvkip"
            >
              Git
            </span>
            <span
              className="css-1ywvkip"
            >
              Bash
            </span>
            <span
              className="css-1ywvkip"
            >
              Gitlab CI
            </span>
            <span
              className="css-1ywvkip"
            >
              Pytest
            </span>
            <span
              className="css-1ywvkip"
            >
              PostgreSQL
            </span>
            <span
              className="css-1ywvkip"
            >
              AWS
            </span>
            <span
              className="css-1ywvkip"
            >
              VMware
            </span>
            <span
              className="css-1ywvkip"
            >
              Jira/Confluence
            </span>
            <span
              className="css-1ywvkip"
            >
              Platform Engineering
            </span>
            <span
              className="css-1ywvkip"
            >
              Scum/Agile
            </span>
            <span
              className="css-1ywvkip"
            >
              GitOps
            </span>
          </div>
        </div>
      </div>
      <div
        className="css-ea9ttx"
        onClick={[Function]}
      >
        <div
          css={
            {
              "map": undefined,
              "name": "1fs1evy",
              "next": undefined,
              "styles": "
          display: flex;
          flex-direction: column;
          gap: 4px;
          margin-bottom: 16px;
        ",
              "toString": [Function],
            }
          }
        >
          <h3
            css={
              {
                "map": undefined,
                "name": "138jslu",
                "next": undefined,
                "styles": "
            margin: 0;
            font-size: 24px;
            font-weight: bold;
          ",
                "toString": [Function],
              }
            }
          >
            Senior Software Developer
          </h3>
          <p
            css={
              {
                "map": undefined,
                "name": "q3etlh",
                "next": undefined,
                "styles": "
            margin: 0;
            font-size: 14px;
          ",
                "toString": [Function],
              }
            }
          >
            Thessaloniki, Greece
          </p>
          <p
            css={
              {
                "map": undefined,
                "name": "q3etlh",
                "next": undefined,
                "styles": "
            margin: 0;
            font-size: 14px;
          ",
                "toString": [Function],
              }
            }
          >
            Alvin
          </p>
          <p
            css={
              {
                "map": undefined,
                "name": "q3etlh",
                "next": undefined,
                "styles": "
            margin: 0;
            font-size: 14px;
          ",
                "toString": [Function],
              }
            }
          >
            Feb 2022 - Apr 2022
          </p>
          <p
            css={
              {
                "map": undefined,
                "name": "zj6f4f",
                "next": undefined,
                "styles": "
            margin: 8px 0;
            font-size: 14px;
          ",
                "toString": [Function],
              }
            }
          >
            Alvin parses SQL metadata from popular "Data Platforms", such as Postgres, Redshift, Airflow, BigQuery, Tableau, Hive, etc and facilitates Data Governance Operations by providing a Software as a Service (SaaS) web app.
Working asynchronously and fully remotely on adding features and automating (backend) testing of our Data Governance SaaS product

          </p>
          <p
            style={
              {
                "marginBottom": 12,
              }
            }
          >
            Activities
          </p>
          <ul
            css={
              {
                "map": undefined,
                "name": "7v1qxm",
                "next": undefined,
                "styles": "
            padding-left: 40px; /* Restore default padding for lists */
            margin-left: 0; /* Remove any left margin */
            list-style-position: outside; /* Ensure bullets are outside the content */
            margin: 0px 0;
            font-size: 14px;
          ",
                "toString": [Function],
              }
            }
          >
            <li
              style={
                {
                  "padding": "4px 0",
                }
              }
            >
              <div
                className="css-p4d3hp"
              >
                Engineered a Test Framework to facilitate easier/automated testing of new integrations
              </div>
            </li>
            <li
              style={
                {
                  "padding": "4px 0",
                }
              }
            >
              <div
                className="css-p4d3hp"
              >
                Added new features for 'MySQL' and 'MS SQL Server' integrations in user-facing app
              </div>
            </li>
            <li
              style={
                {
                  "padding": "4px 0",
                }
              }
            >
              <div
                className="css-p4d3hp"
              >
                Implemented a GDPR "delete user data" feature, upon user request in user-facing app
              </div>
            </li>
            <li
              style={
                {
                  "padding": "4px 0",
                }
              }
            >
              <div
                className="css-p4d3hp"
              >
                Designed a process to facilitate faster collaborative development, version control (and merging strategies) and Continuous Integration (CI), throughout the release cycle.
              </div>
            </li>
          </ul>
          <div
            className="css-tiry6g"
          >
            <span
              className="css-1ywvkip"
            >
              Python
            </span>
            <span
              className="css-1ywvkip"
            >
              FastAPI
            </span>
            <span
              className="css-1ywvkip"
            >
              Docker
            </span>
            <span
              className="css-1ywvkip"
            >
              Amundsen
            </span>
            <span
              className="css-1ywvkip"
            >
              VueJS
            </span>
            <span
              className="css-1ywvkip"
            >
              Automated Testing
            </span>
            <span
              className="css-1ywvkip"
            >
              Pytest
            </span>
            <span
              className="css-1ywvkip"
            >
              REST API
            </span>
            <span
              className="css-1ywvkip"
            >
              OpenAPI
            </span>
            <span
              className="css-1ywvkip"
            >
              AWS
            </span>
            <span
              className="css-1ywvkip"
            >
              Scrum/Agile
            </span>
          </div>
        </div>
      </div>
      <div
        className="css-ea9ttx"
        onClick={[Function]}
      >
        <div
          css={
            {
              "map": undefined,
              "name": "1fs1evy",
              "next": undefined,
              "styles": "
          display: flex;
          flex-direction: column;
          gap: 4px;
          margin-bottom: 16px;
        ",
              "toString": [Function],
            }
          }
        >
          <h3
            css={
              {
                "map": undefined,
                "name": "138jslu",
                "next": undefined,
                "styles": "
            margin: 0;
            font-size: 24px;
            font-weight: bold;
          ",
                "toString": [Function],
              }
            }
          >
            Full-stack Developer
          </h3>
          <p
            css={
              {
                "map": undefined,
                "name": "q3etlh",
                "next": undefined,
                "styles": "
            margin: 0;
            font-size: 14px;
          ",
                "toString": [Function],
              }
            }
          >
            Amsterdam, Netherlands
          </p>
          <p
            css={
              {
                "map": undefined,
                "name": "q3etlh",
                "next": undefined,
                "styles": "
            margin: 0;
            font-size: 14px;
          ",
                "toString": [Function],
              }
            }
          >
            FeelRobotics BV
          </p>
          <p
            css={
              {
                "map": undefined,
                "name": "q3etlh",
                "next": undefined,
                "styles": "
            margin: 0;
            font-size: 14px;
          ",
                "toString": [Function],
              }
            }
          >
            Mar 2020 - Mar 2021
          </p>
          <p
            css={
              {
                "map": undefined,
                "name": "zj6f4f",
                "next": undefined,
                "styles": "
            margin: 8px 0;
            font-size: 14px;
          ",
                "toString": [Function],
              }
            }
          >
            Member of the Technology team, working on various (web, mobile, desktop) stacks, being involved in all aspects of the software: design, development, (automated) testing, CI/CD.
          </p>
          <p
            style={
              {
                "marginBottom": 12,
              }
            }
          >
            Activities
          </p>
          <ul
            css={
              {
                "map": undefined,
                "name": "7v1qxm",
                "next": undefined,
                "styles": "
            padding-left: 40px; /* Restore default padding for lists */
            margin-left: 0; /* Remove any left margin */
            list-style-position: outside; /* Ensure bullets are outside the content */
            margin: 0px 0;
            font-size: 14px;
          ",
                "toString": [Function],
              }
            }
          >
            <li
              style={
                {
                  "padding": "4px 0",
                }
              }
            >
              <div
                className="css-p4d3hp"
              >
                Continuously contributing on the in-house 'Order Management \\& Dashboard' web app, fulfilling clients' orders coming from various webshops at real-time.
              </div>
            </li>
            <li
              style={
                {
                  "padding": "4px 0",
                }
              }
            >
              <div
                className="css-p4d3hp"
              >
                Increased web app security by implementing '2FA flow' involving 'QR-Code scanning'
              </div>
            </li>
            <li
              style={
                {
                  "padding": "4px 0",
                }
              }
            >
              <div
                className="css-p4d3hp"
              >
                Enabled sales for global customers in Australia, Indonesia, Hong-Kong and Singapore, by integrating our web app with the Invenco 3PL web API to periodically exchange data, using an authorized serverless app (AWS Lambda app)
              </div>
            </li>
            <li
              style={
                {
                  "padding": "4px 0",
                }
              }
            >
              <div
                className="css-p4d3hp"
              >
                Migrated web app's legacy "http polling" to real-time/event-driven solution  and achieve data exchange with the newly published Rakuten web API
              </div>
            </li>
            <li
              style={
                {
                  "padding": "4px 0",
                }
              }
            >
              <div
                className="css-p4d3hp"
              >
                Enabled web app autoamated invoice generation and delivery to customers, with custom solution.
              </div>
            </li>
            <li
              style={
                {
                  "padding": "4px 0",
                }
              }
            >
              <div
                className="css-p4d3hp"
              >
                Adding features for the IoT mobile (iOS \\& Android) app, providing a UI to allow inter-device Bluetooth communication.
              </div>
            </li>
            <li
              style={
                {
                  "padding": "4px 0",
                }
              }
            >
              <div
                className="css-p4d3hp"
              >
                Developed a Terminal App, providing a Wizard to guide Bluetooth Device Testing on factory-site.
              </div>
            </li>
          </ul>
          <div
            className="css-tiry6g"
          >
            <span
              className="css-1ywvkip"
            >
              Python
            </span>
            <span
              className="css-1ywvkip"
            >
              Django
            </span>
            <span
              className="css-1ywvkip"
            >
              CircleCI
            </span>
            <span
              className="css-1ywvkip"
            >
              Docker
            </span>
            <span
              className="css-1ywvkip"
            >
              Pytest
            </span>
            <span
              className="css-1ywvkip"
            >
              Javascript
            </span>
            <span
              className="css-1ywvkip"
            >
              React
            </span>
            <span
              className="css-1ywvkip"
            >
              Bluetooth
            </span>
            <span
              className="css-1ywvkip"
            >
              AWS Lambda
            </span>
            <span
              className="css-1ywvkip"
            >
              AWS EB
            </span>
            <span
              className="css-1ywvkip"
            >
              AWS Cloudwatch
            </span>
            <span
              className="css-1ywvkip"
            >
              AWS SQS
            </span>
            <span
              className="css-1ywvkip"
            >
              HTML
            </span>
            <span
              className="css-1ywvkip"
            >
              CSS
            </span>
            <span
              className="css-1ywvkip"
            >
              Angular
            </span>
            <span
              className="css-1ywvkip"
            >
              Firebase
            </span>
            <span
              className="css-1ywvkip"
            >
              Scrum/Agile
            </span>
          </div>
        </div>
      </div>
      <div
        className="css-ea9ttx"
        onClick={[Function]}
      >
        <div
          css={
            {
              "map": undefined,
              "name": "1fs1evy",
              "next": undefined,
              "styles": "
          display: flex;
          flex-direction: column;
          gap: 4px;
          margin-bottom: 16px;
        ",
              "toString": [Function],
            }
          }
        >
          <h3
            css={
              {
                "map": undefined,
                "name": "138jslu",
                "next": undefined,
                "styles": "
            margin: 0;
            font-size: 24px;
            font-weight: bold;
          ",
                "toString": [Function],
              }
            }
          >
            Artificial Intelligence Specialist
          </h3>
          <p
            css={
              {
                "map": undefined,
                "name": "q3etlh",
                "next": undefined,
                "styles": "
            margin: 0;
            font-size: 14px;
          ",
                "toString": [Function],
              }
            }
          >
            Amsterdam, Netherlands
          </p>
          <p
            css={
              {
                "map": undefined,
                "name": "q3etlh",
                "next": undefined,
                "styles": "
            margin: 0;
            font-size: 14px;
          ",
                "toString": [Function],
              }
            }
          >
            Nmbrs BV
          </p>
          <p
            css={
              {
                "map": undefined,
                "name": "q3etlh",
                "next": undefined,
                "styles": "
            margin: 0;
            font-size: 14px;
          ",
                "toString": [Function],
              }
            }
          >
            Nov 2017 - Jul 2018
          </p>
          <p
            css={
              {
                "map": undefined,
                "name": "zj6f4f",
                "next": undefined,
                "styles": "
            margin: 8px 0;
            font-size: 14px;
          ",
                "toString": [Function],
              }
            }
          >
            Member of the AI squad; was responsible for researching and enhancing the company's main product, “Payroll”, by developing AI-powered features to assist the end-user pro-actively and intelligently.

          </p>
          <p
            style={
              {
                "marginBottom": 12,
              }
            }
          >
            Activities
          </p>
          <ul
            css={
              {
                "map": undefined,
                "name": "7v1qxm",
                "next": undefined,
                "styles": "
            padding-left: 40px; /* Restore default padding for lists */
            margin-left: 0; /* Remove any left margin */
            list-style-position: outside; /* Ensure bullets are outside the content */
            margin: 0px 0;
            font-size: 14px;
          ",
                "toString": [Function],
              }
            }
          >
            <li
              style={
                {
                  "padding": "4px 0",
                }
              }
            >
              <div
                className="css-p4d3hp"
              >
                Implemented data-driven systems for “salary proposal” and “wage-code prediction” powered by Linear Regression and Random Forest models respectively
              </div>
            </li>
            <li
              style={
                {
                  "padding": "4px 0",
                }
              }
            >
              <div
                className="css-p4d3hp"
              >
                Built web REST APIs for the above systems, hosted them in Azure cloud platform and was responsible for monitoring traffic and performance
              </div>
            </li>
          </ul>
          <div
            className="css-tiry6g"
          >
            <span
              className="css-1ywvkip"
            >
              Machine Learning
            </span>
            <span
              className="css-1ywvkip"
            >
              Python
            </span>
            <span
              className="css-1ywvkip"
            >
              Linear Regression
            </span>
            <span
              className="css-1ywvkip"
            >
              SQL
            </span>
            <span
              className="css-1ywvkip"
            >
              Flask
            </span>
            <span
              className="css-1ywvkip"
            >
              REST API
            </span>
            <span
              className="css-1ywvkip"
            >
              OpenAPI
            </span>
            <span
              className="css-1ywvkip"
            >
              Azure Web App
            </span>
            <span
              className="css-1ywvkip"
            >
              Scrum/Agile
            </span>
          </div>
        </div>
      </div>
      <div
        className="css-ea9ttx"
        onClick={[Function]}
      >
        <div
          css={
            {
              "map": undefined,
              "name": "1fs1evy",
              "next": undefined,
              "styles": "
          display: flex;
          flex-direction: column;
          gap: 4px;
          margin-bottom: 16px;
        ",
              "toString": [Function],
            }
          }
        >
          <h3
            css={
              {
                "map": undefined,
                "name": "138jslu",
                "next": undefined,
                "styles": "
            margin: 0;
            font-size: 24px;
            font-weight: bold;
          ",
                "toString": [Function],
              }
            }
          >
            Software Developer - Freelance
          </h3>
          <p
            css={
              {
                "map": undefined,
                "name": "q3etlh",
                "next": undefined,
                "styles": "
            margin: 0;
            font-size: 14px;
          ",
                "toString": [Function],
              }
            }
          >
            Amsterdam, Netherlands
          </p>
          <p
            css={
              {
                "map": undefined,
                "name": "q3etlh",
                "next": undefined,
                "styles": "
            margin: 0;
            font-size: 14px;
          ",
                "toString": [Function],
              }
            }
          >
            Universiteit van Amsterdam
          </p>
          <p
            css={
              {
                "map": undefined,
                "name": "q3etlh",
                "next": undefined,
                "styles": "
            margin: 0;
            font-size: 14px;
          ",
                "toString": [Function],
              }
            }
          >
            Nov 2017 - Mar 2018
          </p>
          <p
            css={
              {
                "map": undefined,
                "name": "zj6f4f",
                "next": undefined,
                "styles": "
            margin: 8px 0;
            font-size: 14px;
          ",
                "toString": [Function],
              }
            }
          >
            Member of the 'Analysis Team', tasked with contributing to the Inca Open-Source Project.
          </p>
          <p
            style={
              {
                "marginBottom": 12,
              }
            }
          >
            Activities
          </p>
          <ul
            css={
              {
                "map": undefined,
                "name": "7v1qxm",
                "next": undefined,
                "styles": "
            padding-left: 40px; /* Restore default padding for lists */
            margin-left: 0; /* Remove any left margin */
            list-style-position: outside; /* Ensure bullets are outside the content */
            margin: 0px 0;
            font-size: 14px;
          ",
                "toString": [Function],
              }
            }
          >
            <li
              style={
                {
                  "padding": "4px 0",
                }
              }
            >
              <div
                className="css-p4d3hp"
              >
                Engineered the 'analysis' (python) interface, that developers should implement, in case they want to supply a new 'analysis' algorithm.
              </div>
            </li>
            <li
              style={
                {
                  "padding": "4px 0",
                }
              }
            >
              <div
                className="css-p4d3hp"
              >
                Developed a Topic Modeling algorithm as a concrete implementation of the 'analysis' interface
              </div>
            </li>
            <li
              style={
                {
                  "padding": "4px 0",
                }
              }
            >
              <div
                className="css-p4d3hp"
              >
                Provided mentoring, within the team, for software and 'git' best practices, in our collaborative setting
              </div>
            </li>
          </ul>
          <div
            className="css-tiry6g"
          >
            <span
              className="css-1ywvkip"
            >
              Python
            </span>
            <span
              className="css-1ywvkip"
            >
              Topic Modeling
            </span>
            <span
              className="css-1ywvkip"
            >
              Latent Dirichlet Allocation (LDA)
            </span>
            <span
              className="css-1ywvkip"
            >
              Machine Learning
            </span>
            <span
              className="css-1ywvkip"
            >
              Git
            </span>
            <span
              className="css-1ywvkip"
            >
              Celery
            </span>
          </div>
        </div>
      </div>
      <div
        className="css-ea9ttx"
        onClick={[Function]}
      >
        <div
          css={
            {
              "map": undefined,
              "name": "1fs1evy",
              "next": undefined,
              "styles": "
          display: flex;
          flex-direction: column;
          gap: 4px;
          margin-bottom: 16px;
        ",
              "toString": [Function],
            }
          }
        >
          <h3
            css={
              {
                "map": undefined,
                "name": "138jslu",
                "next": undefined,
                "styles": "
            margin: 0;
            font-size: 24px;
            font-weight: bold;
          ",
                "toString": [Function],
              }
            }
          >
            Research & Development Internship
          </h3>
          <p
            css={
              {
                "map": undefined,
                "name": "q3etlh",
                "next": undefined,
                "styles": "
            margin: 0;
            font-size: 14px;
          ",
                "toString": [Function],
              }
            }
          >
            Amsterdam, Netherlands
          </p>
          <p
            css={
              {
                "map": undefined,
                "name": "q3etlh",
                "next": undefined,
                "styles": "
            margin: 0;
            font-size: 14px;
          ",
                "toString": [Function],
              }
            }
          >
            Textkernel BV
          </p>
          <p
            css={
              {
                "map": undefined,
                "name": "q3etlh",
                "next": undefined,
                "styles": "
            margin: 0;
            font-size: 14px;
          ",
                "toString": [Function],
              }
            }
          >
            Aug 2016 - Dec 2016
          </p>
          <p
            css={
              {
                "map": undefined,
                "name": "zj6f4f",
                "next": undefined,
                "styles": "
            margin: 8px 0;
            font-size: 14px;
          ",
                "toString": [Function],
              }
            }
          >
            Augmented Textkernel's main product, Extract!, a CV (resume) parsing software, by building a Machine Learning model able to "understand" the Greek language, surpassing worldwide competition in model performance benchmarks.
          </p>
          <p
            style={
              {
                "marginBottom": 12,
              }
            }
          >
            Activities
          </p>
          <ul
            css={
              {
                "map": undefined,
                "name": "7v1qxm",
                "next": undefined,
                "styles": "
            padding-left: 40px; /* Restore default padding for lists */
            margin-left: 0; /* Remove any left margin */
            list-style-position: outside; /* Ensure bullets are outside the content */
            margin: 0px 0;
            font-size: 14px;
          ",
                "toString": [Function],
              }
            }
          >
            <li
              style={
                {
                  "padding": "4px 0",
                }
              }
            >
              <div
                className="css-p4d3hp"
              >
                Developed Hidden Markov and Conditional Random Field Machine Learning model, trained on the Greek Language.
              </div>
            </li>
            <li
              style={
                {
                  "padding": "4px 0",
                }
              }
            >
              <div
                className="css-p4d3hp"
              >
                Feature Engineering and token normalization.
              </div>
            </li>
          </ul>
          <div
            className="css-tiry6g"
          >
            <span
              className="css-1ywvkip"
            >
              Machine Learning
            </span>
            <span
              className="css-1ywvkip"
            >
              Natural Language Processing
            </span>
            <span
              className="css-1ywvkip"
            >
              Conditional Random Fields
            </span>
            <span
              className="css-1ywvkip"
            >
              Hidden Markov Models
            </span>
            <span
              className="css-1ywvkip"
            >
              Feature Engineering
            </span>
            <span
              className="css-1ywvkip"
            >
              Perl
            </span>
            <span
              className="css-1ywvkip"
            >
              Git
            </span>
            <span
              className="css-1ywvkip"
            >
              Bash
            </span>
            <span
              className="css-1ywvkip"
            >
              Scrum/Agile
            </span>
            <span
              className="css-1ywvkip"
            >
              CI/CD
            </span>
          </div>
        </div>
      </div>
    </div>
    <div
      className="css-1koo0nk"
      id="open-source-portfolio-section"
    >
      <h1
        style={
          {
            "backgroundColor": "#ffdad6",
            "color": "#2c1513",
          }
        }
      >
        Open Source & Portfolio
      </h1>
      <button
        onClick={[Function]}
      >
        Reset Layout
      </button>
      <div
        className="layout react-grid-layout"
      />
    </div>
  </div>
  <div
    className="css-lsw45e"
    id="bottom-footer-pane"
  >
    <span
      className="css-2dse8b"
    >
      <svg
        aria-hidden="true"
        fill="#2c1513"
        height="18px"
        version="1.1"
        viewBox="0 0 16 16"
        width="18px"
      >
        <path
          d="M8 0c4.42 0 8 3.58 8 8a8.013 8.013 0 0 1-5.45 7.59c-.4.08-.55-.17-.55-.38 0-.27.01-1.13.01-2.2 0-.75-.25-1.23-.54-1.48 1.78-.2 3.65-.88 3.65-3.95 0-.88-.31-1.59-.82-2.15.08-.2.36-1.02-.08-2.12 0 0-.67-.22-2.2.82-.64-.18-1.32-.27-2-.27-.68 0-1.36.09-2 .27-1.53-1.03-2.2-.82-2.2-.82-.44 1.1-.16 1.92-.08 2.12-.51.56-.82 1.28-.82 2.15 0 3.06 1.86 3.75 3.64 3.95-.23.2-.44.55-.51 1.07-.46.21-1.61.55-2.33-.66-.15-.24-.6-.83-1.23-.82-.67.01-.27.38.01.53.34.19.73.9.82 1.13.16.45.68 1.31 2.69.94 0 .67.01 1.3.01 1.49 0 .21-.15.45-.55.38A7.995 7.995 0 0 1 0 8c0-4.42 3.58-8 8-8Z"
        />
      </svg>
    </span>
  </div>
</div>
`;
