// Jest Snapshot v1, https://goo.gl/fbAQLP

exports[`Test Personal Section with width = 700 matches the snapshot 1`] = `
<div>
  <section
    class="css-6q335f"
    id="personal-info"
    style="--accent-color-start: #410003; --accent-color-end: #725b2e;"
  >
    <header
      class="css-1aceh0m"
    >
      <h1
        class="css-1b0o9tp"
      >
        test-name
      </h1>
      <p
        class="css-143cy3v"
      >
        Personal Information
      </p>
    </header>
    <div
      class="css-1ojkdw4"
    >
      <span
        class="css-12b2jet"
      >
        Email
      </span>
      <span
        class="css-1offhmh"
      >
        test-email
      </span>
    </div>
    <div
      class="css-16z1gff"
    >
      <span
        class="css-12b2jet"
      >
        Profiles
      </span>
      <div
        class="css-12fn4cu"
      >
        <a
          class="css-16l44dw"
          href="https://test-github-url"
          rel="noopener noreferrer"
          target="_blank"
        >
          GitHub
          <svg
            fill="none"
            height="10px"
            stroke="#534341"
            stroke-width="5.108"
            viewBox="-2.56 -2.56 69.12 69.12"
            width="10px"
          >
            <g
              id="SVGRepo_iconCarrier"
            >
              <path
                d="M55.4,32V53.58a1.81,1.81,0,0,1-1.82,1.82H10.42A1.81,1.81,0,0,1,8.6,53.58V10.42A1.81,1.81,0,0,1,10.42,8.6H32"
              />
              <polyline
                points="40.32 8.6 55.4 8.6 55.4 24.18"
              />
              <line
                x1="19.32"
                x2="54.61"
                y1="45.72"
                y2="8.91"
              />
            </g>
          </svg>
        </a>
        <a
          class="css-16l44dw"
          href="https://test-linkedin-url"
          rel="noopener noreferrer"
          target="_blank"
        >
          LinkedIn
          <svg
            fill="none"
            height="10px"
            stroke="#534341"
            stroke-width="5.108"
            viewBox="-2.56 -2.56 69.12 69.12"
            width="10px"
          >
            <g
              id="SVGRepo_iconCarrier"
            >
              <path
                d="M55.4,32V53.58a1.81,1.81,0,0,1-1.82,1.82H10.42A1.81,1.81,0,0,1,8.6,53.58V10.42A1.81,1.81,0,0,1,10.42,8.6H32"
              />
              <polyline
                points="40.32 8.6 55.4 8.6 55.4 24.18"
              />
              <line
                x1="19.32"
                x2="54.61"
                y1="45.72"
                y2="8.91"
              />
            </g>
          </svg>
        </a>
        <a
          class="css-16l44dw"
          href="https://test-gitlab-url"
          rel="noopener noreferrer"
          target="_blank"
        >
          GitLab
          <svg
            fill="none"
            height="10px"
            stroke="#534341"
            stroke-width="5.108"
            viewBox="-2.56 -2.56 69.12 69.12"
            width="10px"
          >
            <g
              id="SVGRepo_iconCarrier"
            >
              <path
                d="M55.4,32V53.58a1.81,1.81,0,0,1-1.82,1.82H10.42A1.81,1.81,0,0,1,8.6,53.58V10.42A1.81,1.81,0,0,1,10.42,8.6H32"
              />
              <polyline
                points="40.32 8.6 55.4 8.6 55.4 24.18"
              />
              <line
                x1="19.32"
                x2="54.61"
                y1="45.72"
                y2="8.91"
              />
            </g>
          </svg>
        </a>
      </div>
    </div>
    <div
      class="css-16z1gff"
    >
      <span
        class="css-12b2jet"
      >
        Curricular PDFs
      </span>
      <div
        class="css-as1dsd"
      >
        <a
          class="css-rlwcun"
          href="https://konstantinos-lampridis-cv-documents.s3.eu-central-1.amazonaws.com/main_resume.pdf"
          rel="noopener noreferrer"
          target="_blank"
        >
          1 Page Resume 
          <svg
            fill="none"
            height="10px"
            stroke="#534341"
            stroke-width="5.108"
            viewBox="-2.56 -2.56 69.12 69.12"
            width="10px"
          >
            <g
              id="SVGRepo_iconCarrier"
            >
              <path
                d="M55.4,32V53.58a1.81,1.81,0,0,1-1.82,1.82H10.42A1.81,1.81,0,0,1,8.6,53.58V10.42A1.81,1.81,0,0,1,10.42,8.6H32"
              />
              <polyline
                points="40.32 8.6 55.4 8.6 55.4 24.18"
              />
              <line
                x1="19.32"
                x2="54.61"
                y1="45.72"
                y2="8.91"
              />
            </g>
          </svg>
        </a>
        <a
          class="css-rlwcun"
          href="https://konstantinos-lampridis-cv-documents.s3.eu-central-1.amazonaws.com/main_cv%2Bprojects.pdf"
          rel="noopener noreferrer"
          target="_blank"
        >
          CV + Projects 
          <svg
            fill="none"
            height="10px"
            stroke="#534341"
            stroke-width="5.108"
            viewBox="-2.56 -2.56 69.12 69.12"
            width="10px"
          >
            <g
              id="SVGRepo_iconCarrier"
            >
              <path
                d="M55.4,32V53.58a1.81,1.81,0,0,1-1.82,1.82H10.42A1.81,1.81,0,0,1,8.6,53.58V10.42A1.81,1.81,0,0,1,10.42,8.6H32"
              />
              <polyline
                points="40.32 8.6 55.4 8.6 55.4 24.18"
              />
              <line
                x1="19.32"
                x2="54.61"
                y1="45.72"
                y2="8.91"
              />
            </g>
          </svg>
        </a>
      </div>
    </div>
  </section>
</div>
`;
